// Jest Snapshot v1, https://goo.gl/fbAQLP

exports[`The films grid renders correctly 1`] = `
<div
  className="container"
>
  <div
    className="columns is-multiline"
  >
    <div
      className="film column is-one-quarter"
    >
      <div
        className="sc-bdVaJa fVCJpx card"
        onClick={[Function]}
      >
        <div
          className="card-image"
        >
          <figure
            className="image is-4by3"
          >
            <img
              alt="Thumbnail"
              src="sw_5.jpg"
            />
          </figure>
        </div>
        <div
          className="card-content"
        >
          <div
            className="media"
          >
            <div
              className="media-content"
            >
              <p
                className="subtitle is-6"
              >
                Episode#4
              </p>
              <p
                className="title is-4"
              >
                A New Hope
              </p>
            </div>
          </div>
        </div>
      </div>
    </div>
    <div
      className="film column is-one-quarter"
    >
      <div
        className="sc-bdVaJa fVCJpx card"
        onClick={[Function]}
      >
        <div
          className="card-image"
        >
          <figure
            className="image is-4by3"
          >
            <img
              alt="Thumbnail"
              src="sw_6.jpg"
            />
          </figure>
        </div>
        <div
          className="card-content"
        >
          <div
            className="media"
          >
            <div
              className="media-content"
            >
              <p
                className="subtitle is-6"
              >
                Episode#5
              </p>
              <p
                className="title is-4"
              >
                The Empire Strikes Back
              </p>
            </div>
          </div>
        </div>
      </div>
    </div>
  </div>
</div>
`;
